The new Iphone 12 is an unforgettable experience, CPU A14 Bionic, RAM 4GB.
The new Samsung Galaxy S20 is an unforgettable experience, CPU Exynos Octa-core, RAM 8GB.
Enjoy fresh food with Arctic CR-420, energy label A+.
Enjoy fresh food with Heinner CR-20, energy label A.
The new Iphone 5 is an unforgettable experience, CPU Apple A8, RAM 2GB.